Analysis & Synthesis report for 8bit_multiplier
Sat Sep 17 14:43:13 2016
Quartus II 64-Bit Version 15.0.0 Build 145 04/22/2015 SJ Web Edition


---------------------
; Table of Contents ;
---------------------
  1. Legal Notice
  2. Analysis & Synthesis Summary
  3. Analysis & Synthesis Settings
  4. Parallel Compilation
  5. Analysis & Synthesis Source Files Read
  6. Analysis & Synthesis Resource Usage Summary
  7. Analysis & Synthesis Resource Utilization by Entity
  8. State Machine - |Multiplier|Controller:LogicUnit|PreviousState
  9. State Machine - |Multiplier|Controller:LogicUnit|CurrentState
 10. Registers Removed During Synthesis
 11. Removed Registers Triggering Further Register Optimizations
 12. General Register Statistics
 13. Port Connectivity Checks: "NineBitAdder:AdderUnit|FourBitRippleCarryAdder:FFA0"
 14. Port Connectivity Checks: "NineBitAdder:AdderUnit|BusSelector:comb_11|FourInputMux:F7"
 15. Port Connectivity Checks: "NineBitAdder:AdderUnit|BusSelector:comb_11|FourInputMux:F6"
 16. Port Connectivity Checks: "NineBitAdder:AdderUnit|BusSelector:comb_11|FourInputMux:F5"
 17. Port Connectivity Checks: "NineBitAdder:AdderUnit|BusSelector:comb_11|FourInputMux:F4"
 18. Port Connectivity Checks: "NineBitAdder:AdderUnit|BusSelector:comb_11|FourInputMux:F3"
 19. Port Connectivity Checks: "NineBitAdder:AdderUnit|BusSelector:comb_11|FourInputMux:F2"
 20. Port Connectivity Checks: "NineBitAdder:AdderUnit|BusSelector:comb_11|FourInputMux:F1"
 21. Port Connectivity Checks: "NineBitAdder:AdderUnit|BusSelector:comb_11|FourInputMux:F0"
 22. Port Connectivity Checks: "NineBitAdder:AdderUnit|FourBitRippleCarryAdder:AC1"
 23. Port Connectivity Checks: "NineBitAdder:AdderUnit|FourBitRippleCarryAdder:AC0"
 24. Post-Synthesis Netlist Statistics for Top Partition
 25. Elapsed Time Per Partition
 26. Analysis & Synthesis Messages
 27. Analysis & Synthesis Suppressed Messages



----------------
; Legal Notice ;
----------------
Copyright (C) 1991-2015 Altera Corporation. All rights reserved.
Your use of Altera Corporation's design tools, logic functions 
and other software and tools, and its AMPP partner logic 
functions, and any output files from any of the foregoing 
(including device programming or simulation files), and any 
associated documentation or information are expressly subject 
to the terms and conditions of the Altera Program License 
Subscription Agreement, the Altera Quartus II License Agreement,
the Altera MegaCore Function License Agreement, or other 
applicable license agreement, including, without limitation, 
that your use is for the sole purpose of programming logic 
devices manufactured by Altera and sold by Altera or its 
authorized distributors.  Please refer to the applicable 
agreement for further details.



+---------------------------------------------------------------------------------+
; Analysis & Synthesis Summary                                                    ;
+------------------------------------+--------------------------------------------+
; Analysis & Synthesis Status        ; Successful - Sat Sep 17 14:43:13 2016      ;
; Quartus II 64-Bit Version          ; 15.0.0 Build 145 04/22/2015 SJ Web Edition ;
; Revision Name                      ; 8bit_multiplier                            ;
; Top-level Entity Name              ; Multiplier                                 ;
; Family                             ; Cyclone IV E                               ;
; Total logic elements               ; 62                                         ;
;     Total combinational functions  ; 61                                         ;
;     Dedicated logic registers      ; 18                                         ;
; Total registers                    ; 18                                         ;
; Total pins                         ; 57                                         ;
; Total virtual pins                 ; 0                                          ;
; Total memory bits                  ; 0                                          ;
; Embedded Multiplier 9-bit elements ; 0                                          ;
; Total PLLs                         ; 0                                          ;
+------------------------------------+--------------------------------------------+


+----------------------------------------------------------------------------------------------------------------------+
; Analysis & Synthesis Settings                                                                                        ;
+----------------------------------------------------------------------------+--------------------+--------------------+
; Option                                                                     ; Setting            ; Default Value      ;
+----------------------------------------------------------------------------+--------------------+--------------------+
; Device                                                                     ; EP4CE115F29C7      ;                    ;
; Top-level entity name                                                      ; Multiplier         ; 8bit_multiplier    ;
; Family name                                                                ; Cyclone IV E       ; Cyclone V          ;
; Use smart compilation                                                      ; Off                ; Off                ;
; Enable parallel Assembler and TimeQuest Timing Analyzer during compilation ; On                 ; On                 ;
; Enable compact report table                                                ; Off                ; Off                ;
; Restructure Multiplexers                                                   ; Auto               ; Auto               ;
; Create Debugging Nodes for IP Cores                                        ; Off                ; Off                ;
; Preserve fewer node names                                                  ; On                 ; On                 ;
; Disable OpenCore Plus hardware evaluation                                  ; Off                ; Off                ;
; Verilog Version                                                            ; Verilog_2001       ; Verilog_2001       ;
; VHDL Version                                                               ; VHDL_1993          ; VHDL_1993          ;
; State Machine Processing                                                   ; Auto               ; Auto               ;
; Safe State Machine                                                         ; Off                ; Off                ;
; Extract Verilog State Machines                                             ; On                 ; On                 ;
; Extract VHDL State Machines                                                ; On                 ; On                 ;
; Ignore Verilog initial constructs                                          ; Off                ; Off                ;
; Iteration limit for constant Verilog loops                                 ; 5000               ; 5000               ;
; Iteration limit for non-constant Verilog loops                             ; 250                ; 250                ;
; Add Pass-Through Logic to Inferred RAMs                                    ; On                 ; On                 ;
; Infer RAMs from Raw Logic                                                  ; On                 ; On                 ;
; Parallel Synthesis                                                         ; On                 ; On                 ;
; DSP Block Balancing                                                        ; Auto               ; Auto               ;
; NOT Gate Push-Back                                                         ; On                 ; On                 ;
; Power-Up Don't Care                                                        ; On                 ; On                 ;
; Remove Redundant Logic Cells                                               ; Off                ; Off                ;
; Remove Duplicate Registers                                                 ; On                 ; On                 ;
; Ignore CARRY Buffers                                                       ; Off                ; Off                ;
; Ignore CASCADE Buffers                                                     ; Off                ; Off                ;
; Ignore GLOBAL Buffers                                                      ; Off                ; Off                ;
; Ignore ROW GLOBAL Buffers                                                  ; Off                ; Off                ;
; Ignore LCELL Buffers                                                       ; Off                ; Off                ;
; Ignore SOFT Buffers                                                        ; On                 ; On                 ;
; Limit AHDL Integers to 32 Bits                                             ; Off                ; Off                ;
; Optimization Technique                                                     ; Balanced           ; Balanced           ;
; Carry Chain Length                                                         ; 70                 ; 70                 ;
; Auto Carry Chains                                                          ; On                 ; On                 ;
; Auto Open-Drain Pins                                                       ; On                 ; On                 ;
; Perform WYSIWYG Primitive Resynthesis                                      ; Off                ; Off                ;
; Auto ROM Replacement                                                       ; On                 ; On                 ;
; Auto RAM Replacement                                                       ; On                 ; On                 ;
; Auto DSP Block Replacement                                                 ; On                 ; On                 ;
; Auto Shift Register Replacement                                            ; Auto               ; Auto               ;
; Allow Shift Register Merging across Hierarchies                            ; Auto               ; Auto               ;
; Auto Clock Enable Replacement                                              ; On                 ; On                 ;
; Strict RAM Replacement                                                     ; Off                ; Off                ;
; Allow Synchronous Control Signals                                          ; On                 ; On                 ;
; Force Use of Synchronous Clear Signals                                     ; Off                ; Off                ;
; Auto RAM Block Balancing                                                   ; On                 ; On                 ;
; Auto RAM to Logic Cell Conversion                                          ; Off                ; Off                ;
; Auto Resource Sharing                                                      ; Off                ; Off                ;
; Allow Any RAM Size For Recognition                                         ; Off                ; Off                ;
; Allow Any ROM Size For Recognition                                         ; Off                ; Off                ;
; Allow Any Shift Register Size For Recognition                              ; Off                ; Off                ;
; Use LogicLock Constraints during Resource Balancing                        ; On                 ; On                 ;
; Ignore translate_off and synthesis_off directives                          ; Off                ; Off                ;
; Timing-Driven Synthesis                                                    ; On                 ; On                 ;
; Report Parameter Settings                                                  ; On                 ; On                 ;
; Report Source Assignments                                                  ; On                 ; On                 ;
; Report Connectivity Checks                                                 ; On                 ; On                 ;
; Ignore Maximum Fan-Out Assignments                                         ; Off                ; Off                ;
; Synchronization Register Chain Length                                      ; 2                  ; 2                  ;
; PowerPlay Power Optimization During Synthesis                              ; Normal compilation ; Normal compilation ;
; HDL message level                                                          ; Level2             ; Level2             ;
; Suppress Register Optimization Related Messages                            ; Off                ; Off                ;
; Number of Removed Registers Reported in Synthesis Report                   ; 5000               ; 5000               ;
; Number of Swept Nodes Reported in Synthesis Report                         ; 5000               ; 5000               ;
; Number of Inverted Registers Reported in Synthesis Report                  ; 100                ; 100                ;
; Clock MUX Protection                                                       ; On                 ; On                 ;
; Auto Gated Clock Conversion                                                ; Off                ; Off                ;
; Block Design Naming                                                        ; Auto               ; Auto               ;
; SDC constraint protection                                                  ; Off                ; Off                ;
; Synthesis Effort                                                           ; Auto               ; Auto               ;
; Shift Register Replacement - Allow Asynchronous Clear Signal               ; On                 ; On                 ;
; Pre-Mapping Resynthesis Optimization                                       ; Off                ; Off                ;
; Analysis & Synthesis Message Level                                         ; Medium             ; Medium             ;
; Disable Register Merging Across Hierarchies                                ; Auto               ; Auto               ;
; Resource Aware Inference For Block RAM                                     ; On                 ; On                 ;
; Synthesis Seed                                                             ; 1                  ; 1                  ;
+----------------------------------------------------------------------------+--------------------+--------------------+


Parallel compilation was disabled, but you have multiple processors available. Enable parallel compilation to reduce compilation time.
+-------------------------------------+
; Parallel Compilation                ;
+----------------------------+--------+
; Processors                 ; Number ;
+----------------------------+--------+
; Number detected on machine ; 2      ;
; Maximum allowed            ; 1      ;
+----------------------------+--------+


+-----------------------------------------------------------------------------------------------------------------------------------------------------------+
; Analysis & Synthesis Source Files Read                                                                                                                    ;
+----------------------------------+-----------------+------------------------------------+-------------------------------------------------------+---------+
; File Name with User-Entered Path ; Used in Netlist ; File Type                          ; File Name with Absolute Path                          ; Library ;
+----------------------------------+-----------------+------------------------------------+-------------------------------------------------------+---------+
; standard_modules.sv              ; yes             ; User SystemVerilog HDL File        ; /home/zach/ECE_385/Lab05/standard_modules.sv          ;         ;
; 8bit_multiplier_toplevel.sv      ; yes             ; User SystemVerilog HDL File        ; /home/zach/ECE_385/Lab05/8bit_multiplier_toplevel.sv  ;         ;
; 8bit_multiplier_control.sv       ; yes             ; User SystemVerilog HDL File        ; /home/zach/ECE_385/Lab05/8bit_multiplier_control.sv   ;         ;
; 8bit_multiplier_adder.sv         ; yes             ; User SystemVerilog HDL File        ; /home/zach/ECE_385/Lab05/8bit_multiplier_adder.sv     ;         ;
; 8bit_multiplier_registers.sv     ; yes             ; User SystemVerilog HDL File        ; /home/zach/ECE_385/Lab05/8bit_multiplier_registers.sv ;         ;
; HexDriver.sv                     ; yes             ; Auto-Found SystemVerilog HDL File  ; /home/zach/ECE_385/Lab05/HexDriver.sv                 ;         ;
+----------------------------------+-----------------+------------------------------------+-------------------------------------------------------+---------+


+-----------------------------------------------------------+
; Analysis & Synthesis Resource Usage Summary               ;
+---------------------------------------------+-------------+
; Resource                                    ; Usage       ;
+---------------------------------------------+-------------+
; Estimated Total logic elements              ; 62          ;
;                                             ;             ;
; Total combinational functions               ; 61          ;
; Logic element usage by number of LUT inputs ;             ;
;     -- 4 input functions                    ; 39          ;
;     -- 3 input functions                    ; 9           ;
;     -- <=2 input functions                  ; 13          ;
;                                             ;             ;
; Logic elements by mode                      ;             ;
;     -- normal mode                          ; 61          ;
;     -- arithmetic mode                      ; 0           ;
;                                             ;             ;
; Total registers                             ; 18          ;
;     -- Dedicated logic registers            ; 18          ;
;     -- I/O registers                        ; 0           ;
;                                             ;             ;
; I/O pins                                    ; 57          ;
;                                             ;             ;
; Embedded Multiplier 9-bit elements          ; 0           ;
;                                             ;             ;
; Maximum fan-out node                        ; Reset~input ;
; Maximum fan-out                             ; 18          ;
; Total fan-out                               ; 326         ;
; Average fan-out                             ; 1.69        ;
+---------------------------------------------+-------------+


+-------------------------------------------------------------------------------------------------------------------------------------------------------------------------------------------------------------------------------------------------+
; Analysis & Synthesis Resource Utilization by Entity                                                                                                                                                                                             ;
+--------------------------------------+-------------------+--------------+-------------+--------------+---------+-----------+------+--------------+-------------------------------------------------------------------------------+--------------+
; Compilation Hierarchy Node           ; LC Combinationals ; LC Registers ; Memory Bits ; DSP Elements ; DSP 9x9 ; DSP 18x18 ; Pins ; Virtual Pins ; Full Hierarchy Name                                                           ; Library Name ;
+--------------------------------------+-------------------+--------------+-------------+--------------+---------+-----------+------+--------------+-------------------------------------------------------------------------------+--------------+
; |Multiplier                          ; 61 (0)            ; 18 (0)       ; 0           ; 0            ; 0       ; 0         ; 57   ; 0            ; |Multiplier                                                                   ; work         ;
;    |Controller:LogicUnit|            ; 9 (9)             ; 10 (10)      ; 0           ; 0            ; 0       ; 0         ; 0    ; 0            ; |Multiplier|Controller:LogicUnit                                              ; work         ;
;    |HexDriver:ALower|                ; 7 (7)             ; 0 (0)        ; 0           ; 0            ; 0       ; 0         ; 0    ; 0            ; |Multiplier|HexDriver:ALower                                                  ; work         ;
;    |HexDriver:AUpper|                ; 7 (7)             ; 0 (0)        ; 0           ; 0            ; 0       ; 0         ; 0    ; 0            ; |Multiplier|HexDriver:AUpper                                                  ; work         ;
;    |NineBitAdder:AdderUnit|          ; 30 (0)            ; 0 (0)        ; 0           ; 0            ; 0       ; 0         ; 0    ; 0            ; |Multiplier|NineBitAdder:AdderUnit                                            ; work         ;
;       |BusSelector:comb_11|          ; 8 (0)             ; 0 (0)        ; 0           ; 0            ; 0       ; 0         ; 0    ; 0            ; |Multiplier|NineBitAdder:AdderUnit|BusSelector:comb_11                        ; work         ;
;          |FourInputMux:F0|           ; 1 (1)             ; 0 (0)        ; 0           ; 0            ; 0       ; 0         ; 0    ; 0            ; |Multiplier|NineBitAdder:AdderUnit|BusSelector:comb_11|FourInputMux:F0        ; work         ;
;          |FourInputMux:F1|           ; 1 (1)             ; 0 (0)        ; 0           ; 0            ; 0       ; 0         ; 0    ; 0            ; |Multiplier|NineBitAdder:AdderUnit|BusSelector:comb_11|FourInputMux:F1        ; work         ;
;          |FourInputMux:F2|           ; 2 (2)             ; 0 (0)        ; 0           ; 0            ; 0       ; 0         ; 0    ; 0            ; |Multiplier|NineBitAdder:AdderUnit|BusSelector:comb_11|FourInputMux:F2        ; work         ;
;          |FourInputMux:F4|           ; 1 (1)             ; 0 (0)        ; 0           ; 0            ; 0       ; 0         ; 0    ; 0            ; |Multiplier|NineBitAdder:AdderUnit|BusSelector:comb_11|FourInputMux:F4        ; work         ;
;          |FourInputMux:F5|           ; 1 (1)             ; 0 (0)        ; 0           ; 0            ; 0       ; 0         ; 0    ; 0            ; |Multiplier|NineBitAdder:AdderUnit|BusSelector:comb_11|FourInputMux:F5        ; work         ;
;          |FourInputMux:F6|           ; 1 (1)             ; 0 (0)        ; 0           ; 0            ; 0       ; 0         ; 0    ; 0            ; |Multiplier|NineBitAdder:AdderUnit|BusSelector:comb_11|FourInputMux:F6        ; work         ;
;          |FourInputMux:F7|           ; 1 (1)             ; 0 (0)        ; 0           ; 0            ; 0       ; 0         ; 0    ; 0            ; |Multiplier|NineBitAdder:AdderUnit|BusSelector:comb_11|FourInputMux:F7        ; work         ;
;       |FourBitRippleCarryAdder:AC0|  ; 2 (0)             ; 0 (0)        ; 0           ; 0            ; 0       ; 0         ; 0    ; 0            ; |Multiplier|NineBitAdder:AdderUnit|FourBitRippleCarryAdder:AC0                ; work         ;
;          |FullAdder:FA3|             ; 2 (2)             ; 0 (0)        ; 0           ; 0            ; 0       ; 0         ; 0    ; 0            ; |Multiplier|NineBitAdder:AdderUnit|FourBitRippleCarryAdder:AC0|FullAdder:FA3  ; work         ;
;       |FourBitRippleCarryAdder:AC1|  ; 2 (0)             ; 0 (0)        ; 0           ; 0            ; 0       ; 0         ; 0    ; 0            ; |Multiplier|NineBitAdder:AdderUnit|FourBitRippleCarryAdder:AC1                ; work         ;
;          |FullAdder:FA2|             ; 2 (2)             ; 0 (0)        ; 0           ; 0            ; 0       ; 0         ; 0    ; 0            ; |Multiplier|NineBitAdder:AdderUnit|FourBitRippleCarryAdder:AC1|FullAdder:FA2  ; work         ;
;       |FourBitRippleCarryAdder:FFA0| ; 9 (0)             ; 0 (0)        ; 0           ; 0            ; 0       ; 0         ; 0    ; 0            ; |Multiplier|NineBitAdder:AdderUnit|FourBitRippleCarryAdder:FFA0               ; work         ;
;          |FullAdder:FA0|             ; 1 (1)             ; 0 (0)        ; 0           ; 0            ; 0       ; 0         ; 0    ; 0            ; |Multiplier|NineBitAdder:AdderUnit|FourBitRippleCarryAdder:FFA0|FullAdder:FA0 ; work         ;
;          |FullAdder:FA1|             ; 2 (2)             ; 0 (0)        ; 0           ; 0            ; 0       ; 0         ; 0    ; 0            ; |Multiplier|NineBitAdder:AdderUnit|FourBitRippleCarryAdder:FFA0|FullAdder:FA1 ; work         ;
;          |FullAdder:FA2|             ; 2 (2)             ; 0 (0)        ; 0           ; 0            ; 0       ; 0         ; 0    ; 0            ; |Multiplier|NineBitAdder:AdderUnit|FourBitRippleCarryAdder:FFA0|FullAdder:FA2 ; work         ;
;          |FullAdder:FA3|             ; 4 (4)             ; 0 (0)        ; 0           ; 0            ; 0       ; 0         ; 0    ; 0            ; |Multiplier|NineBitAdder:AdderUnit|FourBitRippleCarryAdder:FFA0|FullAdder:FA3 ; work         ;
;       |FourBitRippleCarryAdder:FFA1| ; 9 (0)             ; 0 (0)        ; 0           ; 0            ; 0       ; 0         ; 0    ; 0            ; |Multiplier|NineBitAdder:AdderUnit|FourBitRippleCarryAdder:FFA1               ; work         ;
;          |FullAdder:FA0|             ; 2 (2)             ; 0 (0)        ; 0           ; 0            ; 0       ; 0         ; 0    ; 0            ; |Multiplier|NineBitAdder:AdderUnit|FourBitRippleCarryAdder:FFA1|FullAdder:FA0 ; work         ;
;          |FullAdder:FA1|             ; 2 (2)             ; 0 (0)        ; 0           ; 0            ; 0       ; 0         ; 0    ; 0            ; |Multiplier|NineBitAdder:AdderUnit|FourBitRippleCarryAdder:FFA1|FullAdder:FA1 ; work         ;
;          |FullAdder:FA2|             ; 2 (2)             ; 0 (0)        ; 0           ; 0            ; 0       ; 0         ; 0    ; 0            ; |Multiplier|NineBitAdder:AdderUnit|FourBitRippleCarryAdder:FFA1|FullAdder:FA2 ; work         ;
;          |FullAdder:FA3|             ; 3 (3)             ; 0 (0)        ; 0           ; 0            ; 0       ; 0         ; 0    ; 0            ; |Multiplier|NineBitAdder:AdderUnit|FourBitRippleCarryAdder:FFA1|FullAdder:FA3 ; work         ;
;    |Registers:RegisterUnit|          ; 8 (0)             ; 8 (0)        ; 0           ; 0            ; 0       ; 0         ; 0    ; 0            ; |Multiplier|Registers:RegisterUnit                                            ; work         ;
;       |EightBitShiftRegister:RegA|   ; 8 (8)             ; 8 (8)        ; 0           ; 0            ; 0       ; 0         ; 0    ; 0            ; |Multiplier|Registers:RegisterUnit|EightBitShiftRegister:RegA                 ; work         ;
+--------------------------------------+-------------------+--------------+-------------+--------------+---------+-----------+------+--------------+-------------------------------------------------------------------------------+--------------+
Note: For table entries with two numbers listed, the numbers in parentheses indicate the number of resources of the given type used by the specific entity alone. The numbers listed outside of parentheses indicate the total resources of the given type used by the specific entity and all of its sub-entities in the hierarchy.


Encoding Type:  One-Hot
+-------------------------------------------------------------------------------------------------------------------------------------------------------------------------------------------------------------+
; State Machine - |Multiplier|Controller:LogicUnit|PreviousState                                                                                                                                              ;
+--------------------+-------------------+-----------------+-----------------+-----------------+-----------------+-----------------+-----------------+-----------------+-----------------+--------------------+
; Name               ; PreviousState.ADD ; PreviousState.H ; PreviousState.G ; PreviousState.F ; PreviousState.E ; PreviousState.D ; PreviousState.C ; PreviousState.B ; PreviousState.A ; PreviousState.WAIT ;
+--------------------+-------------------+-----------------+-----------------+-----------------+-----------------+-----------------+-----------------+-----------------+-----------------+--------------------+
; PreviousState.WAIT ; 0                 ; 0               ; 0               ; 0               ; 0               ; 0               ; 0               ; 0               ; 0               ; 0                  ;
; PreviousState.A    ; 0                 ; 0               ; 0               ; 0               ; 0               ; 0               ; 0               ; 0               ; 1               ; 1                  ;
; PreviousState.B    ; 0                 ; 0               ; 0               ; 0               ; 0               ; 0               ; 0               ; 1               ; 0               ; 1                  ;
; PreviousState.C    ; 0                 ; 0               ; 0               ; 0               ; 0               ; 0               ; 1               ; 0               ; 0               ; 1                  ;
; PreviousState.D    ; 0                 ; 0               ; 0               ; 0               ; 0               ; 1               ; 0               ; 0               ; 0               ; 1                  ;
; PreviousState.E    ; 0                 ; 0               ; 0               ; 0               ; 1               ; 0               ; 0               ; 0               ; 0               ; 1                  ;
; PreviousState.F    ; 0                 ; 0               ; 0               ; 1               ; 0               ; 0               ; 0               ; 0               ; 0               ; 1                  ;
; PreviousState.G    ; 0                 ; 0               ; 1               ; 0               ; 0               ; 0               ; 0               ; 0               ; 0               ; 1                  ;
; PreviousState.H    ; 0                 ; 1               ; 0               ; 0               ; 0               ; 0               ; 0               ; 0               ; 0               ; 1                  ;
; PreviousState.ADD  ; 1                 ; 0               ; 0               ; 0               ; 0               ; 0               ; 0               ; 0               ; 0               ; 1                  ;
+--------------------+-------------------+-----------------+-----------------+-----------------+-----------------+-----------------+-----------------+-----------------+-----------------+--------------------+


Encoding Type:  One-Hot
+--------------------------------------------------------------------------------------------------------------------------------------------------------------------------------------------------+
; State Machine - |Multiplier|Controller:LogicUnit|CurrentState                                                                                                                                    ;
+-------------------+------------------+----------------+----------------+----------------+----------------+----------------+----------------+----------------+----------------+-------------------+
; Name              ; CurrentState.ADD ; CurrentState.H ; CurrentState.G ; CurrentState.F ; CurrentState.E ; CurrentState.D ; CurrentState.C ; CurrentState.B ; CurrentState.A ; CurrentState.WAIT ;
+-------------------+------------------+----------------+----------------+----------------+----------------+----------------+----------------+----------------+----------------+-------------------+
; CurrentState.WAIT ; 0                ; 0              ; 0              ; 0              ; 0              ; 0              ; 0              ; 0              ; 0              ; 0                 ;
; CurrentState.A    ; 0                ; 0              ; 0              ; 0              ; 0              ; 0              ; 0              ; 0              ; 1              ; 1                 ;
; CurrentState.B    ; 0                ; 0              ; 0              ; 0              ; 0              ; 0              ; 0              ; 1              ; 0              ; 1                 ;
; CurrentState.C    ; 0                ; 0              ; 0              ; 0              ; 0              ; 0              ; 1              ; 0              ; 0              ; 1                 ;
; CurrentState.D    ; 0                ; 0              ; 0              ; 0              ; 0              ; 1              ; 0              ; 0              ; 0              ; 1                 ;
; CurrentState.E    ; 0                ; 0              ; 0              ; 0              ; 1              ; 0              ; 0              ; 0              ; 0              ; 1                 ;
; CurrentState.F    ; 0                ; 0              ; 0              ; 1              ; 0              ; 0              ; 0              ; 0              ; 0              ; 1                 ;
; CurrentState.G    ; 0                ; 0              ; 1              ; 0              ; 0              ; 0              ; 0              ; 0              ; 0              ; 1                 ;
; CurrentState.H    ; 0                ; 1              ; 0              ; 0              ; 0              ; 0              ; 0              ; 0              ; 0              ; 1                 ;
; CurrentState.ADD  ; 1                ; 0              ; 0              ; 0              ; 0              ; 0              ; 0              ; 0              ; 0              ; 1                 ;
+-------------------+------------------+----------------+----------------+----------------+----------------+----------------+----------------+----------------+----------------+-------------------+


+----------------------------------------------------------------------------------------------------------+
; Registers Removed During Synthesis                                                                       ;
+-----------------------------------------------------------------+----------------------------------------+
; Register name                                                   ; Reason for Removal                     ;
+-----------------------------------------------------------------+----------------------------------------+
; Registers:RegisterUnit|X_Flop:RegX|Xout                         ; Lost fanout                            ;
; Registers:RegisterUnit|EightBitShiftRegister:RegB|DataOut[0..7] ; Stuck at GND due to stuck port data_in ;
; Controller:LogicUnit|PreviousState~21                           ; Lost fanout                            ;
; Controller:LogicUnit|PreviousState~22                           ; Lost fanout                            ;
; Controller:LogicUnit|PreviousState~23                           ; Lost fanout                            ;
; Controller:LogicUnit|PreviousState~24                           ; Lost fanout                            ;
; Controller:LogicUnit|CurrentState~2                             ; Lost fanout                            ;
; Controller:LogicUnit|CurrentState~3                             ; Lost fanout                            ;
; Controller:LogicUnit|CurrentState~4                             ; Lost fanout                            ;
; Controller:LogicUnit|CurrentState~5                             ; Lost fanout                            ;
; Controller:LogicUnit|CurrentState.ADD                           ; Stuck at GND due to stuck port data_in ;
; Controller:LogicUnit|PreviousState.ADD                          ; Stuck at GND due to stuck port data_in ;
; Controller:LogicUnit|PreviousState.G                            ; Lost fanout                            ;
; Controller:LogicUnit|PreviousState.F                            ; Lost fanout                            ;
; Controller:LogicUnit|PreviousState.E                            ; Lost fanout                            ;
; Controller:LogicUnit|PreviousState.D                            ; Lost fanout                            ;
; Controller:LogicUnit|PreviousState.C                            ; Lost fanout                            ;
; Controller:LogicUnit|PreviousState.B                            ; Lost fanout                            ;
; Controller:LogicUnit|PreviousState.A                            ; Lost fanout                            ;
; Controller:LogicUnit|PreviousState.WAIT                         ; Lost fanout                            ;
; Total Number of Removed Registers = 27                          ;                                        ;
+-----------------------------------------------------------------+----------------------------------------+


+---------------------------------------------------------------------------------------------------------------------------------------------------+
; Removed Registers Triggering Further Register Optimizations                                                                                       ;
+---------------------------------------+---------------------------+-------------------------------------------------------------------------------+
; Register name                         ; Reason for Removal        ; Registers Removed due to This Register                                        ;
+---------------------------------------+---------------------------+-------------------------------------------------------------------------------+
; Controller:LogicUnit|PreviousState~21 ; Lost Fanouts              ; Controller:LogicUnit|PreviousState.G, Controller:LogicUnit|PreviousState.E,   ;
;                                       ;                           ; Controller:LogicUnit|PreviousState.C                                          ;
; Controller:LogicUnit|PreviousState~22 ; Lost Fanouts              ; Controller:LogicUnit|PreviousState.F, Controller:LogicUnit|PreviousState.B    ;
; Controller:LogicUnit|CurrentState.ADD ; Stuck at GND              ; Controller:LogicUnit|PreviousState.A, Controller:LogicUnit|PreviousState.WAIT ;
;                                       ; due to stuck port data_in ;                                                                               ;
; Controller:LogicUnit|PreviousState~23 ; Lost Fanouts              ; Controller:LogicUnit|PreviousState.D                                          ;
+---------------------------------------+---------------------------+-------------------------------------------------------------------------------+


+------------------------------------------------------+
; General Register Statistics                          ;
+----------------------------------------------+-------+
; Statistic                                    ; Value ;
+----------------------------------------------+-------+
; Total registers                              ; 18    ;
; Number of registers using Synchronous Clear  ; 0     ;
; Number of registers using Synchronous Load   ; 0     ;
; Number of registers using Asynchronous Clear ; 0     ;
; Number of registers using Asynchronous Load  ; 0     ;
; Number of registers using Clock Enable       ; 1     ;
; Number of registers using Preset             ; 0     ;
+----------------------------------------------+-------+


+---------------------------------------------------------------------------------+
; Port Connectivity Checks: "NineBitAdder:AdderUnit|FourBitRippleCarryAdder:FFA0" ;
+------+-------+----------+-------------------------------------------------------+
; Port ; Type  ; Severity ; Details                                               ;
+------+-------+----------+-------------------------------------------------------+
; Cin  ; Input ; Info     ; Stuck at GND                                          ;
+------+-------+----------+-------------------------------------------------------+


+----------------------------------------------------------------------------------------+
; Port Connectivity Checks: "NineBitAdder:AdderUnit|BusSelector:comb_11|FourInputMux:F7" ;
+------+-------+----------+--------------------------------------------------------------+
; Port ; Type  ; Severity ; Details                                                      ;
+------+-------+----------+--------------------------------------------------------------+
; a    ; Input ; Info     ; Stuck at GND                                                 ;
; d    ; Input ; Info     ; Stuck at VCC                                                 ;
+------+-------+----------+--------------------------------------------------------------+


+----------------------------------------------------------------------------------------+
; Port Connectivity Checks: "NineBitAdder:AdderUnit|BusSelector:comb_11|FourInputMux:F6" ;
+------+-------+----------+--------------------------------------------------------------+
; Port ; Type  ; Severity ; Details                                                      ;
+------+-------+----------+--------------------------------------------------------------+
; a    ; Input ; Info     ; Stuck at GND                                                 ;
; d    ; Input ; Info     ; Stuck at VCC                                                 ;
+------+-------+----------+--------------------------------------------------------------+


+----------------------------------------------------------------------------------------+
; Port Connectivity Checks: "NineBitAdder:AdderUnit|BusSelector:comb_11|FourInputMux:F5" ;
+------+-------+----------+--------------------------------------------------------------+
; Port ; Type  ; Severity ; Details                                                      ;
+------+-------+----------+--------------------------------------------------------------+
; a    ; Input ; Info     ; Stuck at GND                                                 ;
; d    ; Input ; Info     ; Stuck at VCC                                                 ;
+------+-------+----------+--------------------------------------------------------------+


+----------------------------------------------------------------------------------------+
; Port Connectivity Checks: "NineBitAdder:AdderUnit|BusSelector:comb_11|FourInputMux:F4" ;
+------+-------+----------+--------------------------------------------------------------+
; Port ; Type  ; Severity ; Details                                                      ;
+------+-------+----------+--------------------------------------------------------------+
; a    ; Input ; Info     ; Stuck at GND                                                 ;
; d    ; Input ; Info     ; Stuck at VCC                                                 ;
+------+-------+----------+--------------------------------------------------------------+


+----------------------------------------------------------------------------------------+
; Port Connectivity Checks: "NineBitAdder:AdderUnit|BusSelector:comb_11|FourInputMux:F3" ;
+------+-------+----------+--------------------------------------------------------------+
; Port ; Type  ; Severity ; Details                                                      ;
+------+-------+----------+--------------------------------------------------------------+
; a    ; Input ; Info     ; Stuck at GND                                                 ;
; d    ; Input ; Info     ; Stuck at VCC                                                 ;
+------+-------+----------+--------------------------------------------------------------+


+----------------------------------------------------------------------------------------+
; Port Connectivity Checks: "NineBitAdder:AdderUnit|BusSelector:comb_11|FourInputMux:F2" ;
+------+-------+----------+--------------------------------------------------------------+
; Port ; Type  ; Severity ; Details                                                      ;
+------+-------+----------+--------------------------------------------------------------+
; a    ; Input ; Info     ; Stuck at GND                                                 ;
; d    ; Input ; Info     ; Stuck at VCC                                                 ;
+------+-------+----------+--------------------------------------------------------------+


+----------------------------------------------------------------------------------------+
; Port Connectivity Checks: "NineBitAdder:AdderUnit|BusSelector:comb_11|FourInputMux:F1" ;
+------+-------+----------+--------------------------------------------------------------+
; Port ; Type  ; Severity ; Details                                                      ;
+------+-------+----------+--------------------------------------------------------------+
; a    ; Input ; Info     ; Stuck at GND                                                 ;
; d    ; Input ; Info     ; Stuck at VCC                                                 ;
+------+-------+----------+--------------------------------------------------------------+


+----------------------------------------------------------------------------------------+
; Port Connectivity Checks: "NineBitAdder:AdderUnit|BusSelector:comb_11|FourInputMux:F0" ;
+------+-------+----------+--------------------------------------------------------------+
; Port ; Type  ; Severity ; Details                                                      ;
+------+-------+----------+--------------------------------------------------------------+
; a    ; Input ; Info     ; Stuck at GND                                                 ;
; d    ; Input ; Info     ; Stuck at VCC                                                 ;
+------+-------+----------+--------------------------------------------------------------+


+--------------------------------------------------------------------------------+
; Port Connectivity Checks: "NineBitAdder:AdderUnit|FourBitRippleCarryAdder:AC1" ;
+------+--------+----------+-----------------------------------------------------+
; Port ; Type   ; Severity ; Details                                             ;
+------+--------+----------+-----------------------------------------------------+
; B    ; Input  ; Info     ; Stuck at GND                                        ;
; Cout ; Output ; Info     ; Explicitly unconnected                              ;
+------+--------+----------+-----------------------------------------------------+


+--------------------------------------------------------------------------------+
; Port Connectivity Checks: "NineBitAdder:AdderUnit|FourBitRippleCarryAdder:AC0" ;
+---------+-------+----------+---------------------------------------------------+
; Port    ; Type  ; Severity ; Details                                           ;
+---------+-------+----------+---------------------------------------------------+
; B[3..1] ; Input ; Info     ; Stuck at GND                                      ;
; B[0]    ; Input ; Info     ; Stuck at VCC                                      ;
; Cin     ; Input ; Info     ; Stuck at GND                                      ;
+---------+-------+----------+---------------------------------------------------+


+-----------------------------------------------------+
; Post-Synthesis Netlist Statistics for Top Partition ;
+-----------------------+-----------------------------+
; Type                  ; Count                       ;
+-----------------------+-----------------------------+
; boundary_port         ; 57                          ;
; cycloneiii_ff         ; 18                          ;
;     ENA               ; 1                           ;
;     plain             ; 17                          ;
; cycloneiii_lcell_comb ; 65                          ;
;     normal            ; 65                          ;
;         0 data inputs ; 2                           ;
;         1 data inputs ; 2                           ;
;         2 data inputs ; 13                          ;
;         3 data inputs ; 9                           ;
;         4 data inputs ; 39                          ;
;                       ;                             ;
; Max LUT depth         ; 8.00                        ;
; Average LUT depth     ; 4.96                        ;
+-----------------------+-----------------------------+


+-------------------------------+
; Elapsed Time Per Partition    ;
+----------------+--------------+
; Partition Name ; Elapsed Time ;
+----------------+--------------+
; Top            ; 00:00:00     ;
+----------------+--------------+


+-------------------------------+
; Analysis & Synthesis Messages ;
+-------------------------------+
Info: *******************************************************************
Info: Running Quartus II 64-Bit Analysis & Synthesis
    Info: Version 15.0.0 Build 145 04/22/2015 SJ Web Edition
    Info: Processing started: Sat Sep 17 14:43:01 2016
Info: Command: quartus_map --read_settings_files=on --write_settings_files=off 8bit_multiplier -c 8bit_multiplier
Warning (20028): Parallel compilation is not licensed and has been disabled
Info (12021): Found 3 design units, including 3 entities, in source file standard_modules.sv
    Info (12023): Found entity 1: TwoInputMux
    Info (12023): Found entity 2: FourInputMux
    Info (12023): Found entity 3: FullAdder
Info (12021): Found 1 design units, including 1 entities, in source file 8bit_multiplier_toplevel.sv
    Info (12023): Found entity 1: Multiplier
Info (12021): Found 1 design units, including 1 entities, in source file 8bit_multiplier_control.sv
    Info (12023): Found entity 1: Controller
Info (12021): Found 3 design units, including 3 entities, in source file 8bit_multiplier_adder.sv
    Info (12023): Found entity 1: NineBitAdder
    Info (12023): Found entity 2: FourBitRippleCarryAdder
    Info (12023): Found entity 3: BusSelector
Info (12021): Found 3 design units, including 3 entities, in source file 8bit_multiplier_registers.sv
    Info (12023): Found entity 1: Registers
    Info (12023): Found entity 2: X_Flop
    Info (12023): Found entity 3: EightBitShiftRegister
Critical Warning (10846): Verilog HDL Instantiation warning at 8bit_multiplier_adder.sv(17): instance has no name
Info (12127): Elaborating entity "Multiplier" for the top level hierarchy
Info (12128): Elaborating entity "Controller" for hierarchy "Controller:LogicUnit"
Info (12128): Elaborating entity "Registers" for hierarchy "Registers:RegisterUnit"
Info (12128): Elaborating entity "EightBitShiftRegister" for hierarchy "Registers:RegisterUnit|EightBitShiftRegister:RegA"
Info (12128): Elaborating entity "X_Flop" for hierarchy "Registers:RegisterUnit|X_Flop:RegX"
Info (12128): Elaborating entity "NineBitAdder" for hierarchy "NineBitAdder:AdderUnit"
Info (12128): Elaborating entity "FourBitRippleCarryAdder" for hierarchy "NineBitAdder:AdderUnit|FourBitRippleCarryAdder:AC0"
Info (12128): Elaborating entity "FullAdder" for hierarchy "NineBitAdder:AdderUnit|FourBitRippleCarryAdder:AC0|FullAdder:FA0"
Info (12128): Elaborating entity "BusSelector" for hierarchy "NineBitAdder:AdderUnit|BusSelector:comb_11"
Info (12128): Elaborating entity "FourInputMux" for hierarchy "NineBitAdder:AdderUnit|BusSelector:comb_11|FourInputMux:F0"
Warning (12125): Using design file HexDriver.sv, which is not specified as a design file for the current project, but contains definitions for 1 design units and 1 entities in project
    Info (12023): Found entity 1: HexDriver
Info (12128): Elaborating entity "HexDriver" for hierarchy "HexDriver:AUpper"
Warning (13024): Output pins are stuck at VCC or GND
    Warning (13410): Pin "BhexU[0]" is stuck at GND
    Warning (13410): Pin "BhexU[1]" is stuck at GND
    Warning (13410): Pin "BhexU[2]" is stuck at GND
    Warning (13410): Pin "BhexU[3]" is stuck at GND
    Warning (13410): Pin "BhexU[4]" is stuck at GND
    Warning (13410): Pin "BhexU[5]" is stuck at GND
    Warning (13410): Pin "BhexU[6]" is stuck at VCC
    Warning (13410): Pin "BhexL[0]" is stuck at GND
    Warning (13410): Pin "BhexL[1]" is stuck at GND
    Warning (13410): Pin "BhexL[2]" is stuck at GND
    Warning (13410): Pin "BhexL[3]" is stuck at GND
    Warning (13410): Pin "BhexL[4]" is stuck at GND
    Warning (13410): Pin "BhexL[5]" is stuck at GND
    Warning (13410): Pin "BhexL[6]" is stuck at VCC
    Warning (13410): Pin "Bval[0]" is stuck at GND
    Warning (13410): Pin "Bval[1]" is stuck at GND
    Warning (13410): Pin "Bval[2]" is stuck at GND
    Warning (13410): Pin "Bval[3]" is stuck at GND
    Warning (13410): Pin "Bval[4]" is stuck at GND
    Warning (13410): Pin "Bval[5]" is stuck at GND
    Warning (13410): Pin "Bval[6]" is stuck at GND
    Warning (13410): Pin "Bval[7]" is stuck at GND
Info (286030): Timing-Driven Synthesis is running
Info (17049): 17 registers lost all their fanouts during netlist optimizations.
Info (144001): Generated suppressed messages file /home/zach/ECE_385/Lab05/output_files/8bit_multiplier.map.smsg
Info (16010): Generating hard_block partition "hard_block:auto_generated_inst"
    Info (16011): Adding 0 node(s), including 0 DDIO, 0 PLL, 0 transceiver and 0 LCELL
Warning (21074): Design contains 1 input pin(s) that do not drive logic
    Warning (15610): No output dependent on input pin "ClearA_LoadB"
Info (21057): Implemented 119 device resources after synthesis - the final resource count might be different
    Info (21058): Implemented 12 input pins
    Info (21059): Implemented 45 output pins
    Info (21061): Implemented 62 logic cells
Info: Quartus II 64-Bit Analysis & Synthesis was successful. 0 errors, 28 warnings
    Info: Peak virtual memory: 1000 megabytes
    Info: Processing ended: Sat Sep 17 14:43:13 2016
    Info: Elapsed time: 00:00:12
    Info: Total CPU time (on all processors): 00:00:20


+------------------------------------------+
; Analysis & Synthesis Suppressed Messages ;
+------------------------------------------+
The suppressed messages can be found in /home/zach/ECE_385/Lab05/output_files/8bit_multiplier.map.smsg.


